     1                                 %line 1+1 squareSum.asm
     2                                 
     3                                 
     4                                 
     5                                 
     6                                 
     7                                 
     8                                 
     9                                 
    10                                 [section .data]
    11                                 
    12                                 
    13                                 
    14                                 
    15                                 EXIT_SUCCESS equ 0
    16                                 SYS_exit equ 60
    17                                 
    18                                 
    19                                 
    20                                 
    21 00000000 E8030000               n dd 1000
    22 00000004 0000000000000000       squareOfSum dq 0
    23                                 
    24                                 
    25                                 
    26                                 
    27                                 [section .text]
    28                                 [global _start]
    29                                 _start:
    30                                 
    31                                 
    32                                 
    33                                 
    34                                 
    35                                 
    36                                 
    37 00000000 48C7C001000000          mov rax, 1
    38 00000007 8B0C25[00000000]        mov ecx, dword[n]
    39                                 
    40                                 sumLoop:
    41 0000000E 48010425[00000000]      add qword[squareOfSum], rax
    42 00000016 48FFC0                  inc rax
    43 00000019 E2F1                    loop sumLoop
    44                                 
    45 0000001B 488B0425[00000000]      mov rax, qword[squareOfSum]
    46 00000023 48F7E0                  mul rax
    47 00000026 48890425[00000000]      mov qword[squareOfSum], rax
    48 0000002E 48891425[08000000]      mov qword[squareOfSum+8], rdx
    49                                 
    50                                 
    51                                 
    52                                 
    53                                 last:
    54 00000036 48C7C03C000000          mov rax, SYS_exit
    55 0000003D 48C7C700000000          mov rdi, EXIT_SUCCESS
    56 00000044 0F05                    syscall
