     1                                 %line 1+1 example.asm
     2                                 
     3                                 
     4                                 
     5                                 
     6                                 
     7                                 
     8                                 
     9                                 
    10                                 [section .data]
    11                                 
    12                                 
    13                                 
    14                                 
    15                                 EXIT_SUCCESS equ 0
    16                                 SYS_exit equ 60
    17                                 
    18                                 
    19                                 
    20                                 
    21 00000000 11                     bVar1 db 17
    22 00000001 09                     bVar2 db 9
    23 00000002 00                     bResult db 0
    24                                 
    25                                 
    26                                 
    27                                 
    28 00000003 6842                   wVar1 dw 17000
    29 00000005 2823                   wVar2 dw 9000
    30 00000007 0000                   wResult dw 0
    31                                 
    32                                 
    33                                 
    34                                 
    35 00000009 40660301               dVar1 dd 17000000
    36 0000000D 40548900               dVar2 dd 9000000
    37 00000011 00000000               dResult dd 0
    38                                 
    39                                 
    40                                 
    41 00000015 80FE210A00000000       qVar1 dq 170000000
    42 0000001D 804A5D0500000000       qVar2 dq 90000000
    43 00000025 0000000000000000       qResult dq 0
    44                                 
    45                                 
    46                                 
    47                                 
    48                                 [section .text]
    49                                 [global _start]
    50                                 _start:
    51                                 
    52                                 
    53                                 
    54                                 
    55                                 
    56                                 
    57                                 
    58                                 
    59 00000000 8A0425[00000000]        mov al, byte [bVar1]
    60 00000007 020425[00000000]        add al, byte [bVar2]
    61 0000000E 880425[00000000]        mov byte [bResult], al
    62                                 
    63                                 
    64                                 
    65                                 
    66                                 
    67 00000015 668B0425[00000000]      mov ax, word [wVar1]
    68 0000001D 66030425[00000000]      add ax, word [wVar2]
    69 00000025 66890425[00000000]      mov word [wResult], ax
    70                                 
    71                                 
    72                                 
    73                                 
    74                                 
    75 0000002D 8B0425[00000000]        mov eax, dword [dVar1]
    76 00000034 030425[00000000]        add eax, dword [dVar2]
    77 0000003B 890425[00000000]        mov dword [dResult], eax
    78                                 
    79                                 
    80                                 
    81                                 
    82                                 
    83 00000042 488B0425[00000000]      mov rax, qword [qVar1]
    84 0000004A 48030425[00000000]      add rax, qword [qVar2]
    85 00000052 48890425[00000000]      mov qword [qResult], rax
    86                                 
    87                                 
    88                                 
    89                                 
    90                                 last:
    91 0000005A 48C7C03C000000          mov rax, SYS_exit
    92 00000061 48C7C700000000          mov rdi, EXIT_SUCCESS
    93 00000068 0F05                    syscall
