     1                                 %line 1+1 proj10-4.asm
     2                                 
     3                                 
     4                                 
     5                                 
     6                                 
     7                                 
     8                                 
     9                                 
    10                                 
    11                                 
    12                                 
    13                                 
    14                                 
    15                                 [section .data]
    16                                 
    17                                 
    18                                 
    19                                 
    20                                 EXIT_SUCCESS equ 0
    21                                 SYS_exit equ 60
    22                                 
    23                                 
    24                                 
    25                                 
    26 00000000 2D3138343039343932-    strNum db "-18409492", 0
    27 00000000 00                 
    28 0000000A 0000000000000000       intNum dq 0
    29 00000012 0A00000000000000       ten dq 10
    30                                 
    31                                 
    32                                 
    33                                 
    34                                 [section .text]
    35                                 [global _start]
    36                                 _start:
    37                                 
    38                                 
    39                                 
    40                                 
    41                                 
    42 00000000 48C7C600000000          mov rsi, 0
    43 00000007 48C7C000000000          mov rax, 0
    44                                 
    45                                 addCharToStack:
    46 0000000E 8A86[00000000]          mov al, byte[strNum+rsi]
    47 00000014 3C00                    cmp al, 0
    48 00000016 7404                    je startPop
    49 00000018 50                      push rax
    50 00000019 48FFC6                  inc rsi
    51 0000001C E2EE                    loop addCharToStack
    52                                 
    53                                 
    54                                 
    55                                 
    56                                 startPop:
    57 0000001E 48C7C100000000          mov rcx, 0
    58 00000025 48C7C301000000          mov rbx, 1
    59                                 
    60                                 convertToInt:
    61 0000002C 58                      pop rax
    62                                 
    63 0000002D 3C2B                    cmp al, "+"
    64 0000002F 7433                    je last
    65 00000031 3C2D                    cmp al, "-"
    66 00000033 741B                    je negative
    67                                 
    68 00000035 2C30                    sub al, "0"
    69 00000037 48F7E3                  mul rbx
    70 0000003A 48010425[00000000]      add qword[intNum], rax
    71                                 
    72 00000042 4889D8                  mov rax, rbx
    73 00000045 48F72425[00000000]      mul qword[ten]
    74 0000004D 4889C3                  mov rbx, rax
    75 00000050 E2D8                    loop convertToInt
    76                                 
    77                                 negative:
    78 00000052 488B0425[00000000]      mov rax, qword[intNum]
    79 0000005A 486BC0FF                imul rax, -1
    80 0000005E 48890425[00000000]      mov qword[intNum], rax
    81                                 
    82                                 
    83                                 
    84                                 
    85                                 
    86                                 last:
    87 00000066 48C7C03C000000          mov rax, SYS_exit
    88 0000006D 48C7C700000000          mov rdi, EXIT_SUCCESS
    89 00000074 0F05                    syscall
