     1                                 %line 1+1 proj12-4.asm
     2                                 
     3                                 
     4                                 
     5                                 
     6                                 
     7                                 
     8                                 
     9                                 
    10                                 
    11                                 
    12                                 [section .data]
    13                                 
    14                                 
    15                                 
    16                                 
    17                                 EXIT_SUCCESS equ 0
    18                                 SYS_exit equ 60
    19                                 
    20                                 
    21                                 
    22                                 
    23 00000000 5D000000200000008C-    arr dd 93, 32, 908, 76, 62, 5, 8976, 42, 2, 9, 12, 200, 0, 7, 32,
    24 00000000 0300004C0000003E00-
    25 00000000 000005000000102300-
    26 00000000 002A00000002000000-
    27 00000000 090000000C000000C8-
    28 00000000 000000000000000700-
    29 00000000 000020000000       
    30 0000003C 43000000581B000040-     dd 67, 7000, 8000, 9000, 12
    31 0000003C 1F0000282300000C00-
    32 0000003C 0000               
    33 00000050 14000000               len dd 20
    34 00000054 00000000               ave dd 0
    35 00000058 00000000               sum dd 0
    36 0000005C 00000000               min dd 0
    37 00000060 00000000               max dd 0
    38 00000064 00000000               med1 dd 0
    39 00000068 00000000               med2 dd 0
    40                                 
    41 0000006C 010000000200000003-    arr2 dd 1, 2, 3
    42 0000006C 000000             
    43 00000078 03000000               len2 dd 3
    44 0000007C 00000000               ave2 dd 0
    45 00000080 00000000               sum2 dd 0
    46 00000084 00000000               min2 dd 0
    47 00000088 00000000               max2 dd 0
    48 0000008C 00000000               med1_2 dd 0
    49 00000090 00000000               med2_2 dd 0
    50                                 
    51 00000094 020000000300000002-    arr3 dd 2, 3, 2, 3, 9, 0, -3
    52 00000094 000000030000000900-
    53 00000094 000000000000FDFFFF-
    54 00000094 FF                 
    55 000000B0 07000000               len3 dd 7
    56 000000B4 00000000               ave3 dd 0
    57 000000B8 00000000               sum3 dd 0
    58 000000BC 00000000               min3 dd 0
    59 000000C0 00000000               max3 dd 0
    60 000000C4 00000000               med1_3 dd 0
    61 000000C8 00000000               med2_3 dd 0
    62                                 
    63                                 
    64                                 
    65                                 
    66                                 [section .text]
    67                                 
    68                                 
    69                                 
    70                                 
    71                                 
    72                                 
    73                                 
    74                                 
    75                                 
    76                                 
    77                                 
    78                                 
    79                                 
    80                                 
    81                                 
    82                                 
    83                                 
    84                                 
    85                                 
    86                                 [global sort]
    87                                 
    88                                 
    89                                 sort:
    90 00000000 4154                    push r12
    91                                 
    92 00000002 48C7C200000000          mov rdx, 0
    93                                 outerloop:
    94 00000009 448B0497                mov r8d, dword[rdi+4*rdx]
    95 0000000D 4989D1                  mov r9, rdx
    96                                 
    97 00000010 4889D1                  mov rcx, rdx
    98                                 innerloop:
    99 00000013 4839F1                  cmp rcx, rsi
   100 00000016 7410                    je swap
   101 00000018 4439048F                cmp dword[rdi+4*rcx], r8d
   102 0000001C 7D05                    jge nextinner
   103 0000001E 448B048F                mov r8d, dword[rdi+4*rcx]
   104 00000022 4989C9                  mov r9, rcx
   105                                 nextinner:
   106 00000025 48FFC1                  inc rcx
   107 00000028 EBE7                    jmp innerloop
   108                                 
   109                                 swap:
   110 0000002A 448B1497                mov r10d, dword[rdi+4*rdx]
   111 0000002E 4689148F                mov dword[rdi+4*r9], r10d
   112 00000032 44890497                mov dword[rdi+4*rdx], r8d
   113                                 
   114 00000036 48FFC2                  inc rdx
   115 00000039 4839F2                  cmp rdx, rsi
   116 0000003C 7CC9                    jl outerloop
   117                                 
   118 0000003E 415C                    pop r12
   119 00000040 C3                      ret
   120                                 
   121                                 
   122                                 
   123                                 
   124                                 
   125                                 
   126                                 
   127                                 
   128                                 
   129                                 
   130                                 
   131                                 
   132                                 [global stats]
   133                                  stats:
   134 00000041 55                      push rbp
   135 00000042 4889E5                  mov rbp, rsp
   136 00000045 4154                    push r12
   137                                 
   138                                 
   139                                 
   140                                 
   141 00000047 8B07                    mov eax, dword[rdi]
   142 00000049 8902                    mov dword[rdx], eax
   143                                 
   144 0000004B 4989F4                  mov r12, rsi
   145 0000004E 49FFCC                  dec r12
   146 00000051 428B04A7                mov eax, dword[rdi+r12*4]
   147 00000055 418901                  mov dword[r9], eax
   148                                 
   149                                 
   150                                 
   151                                 
   152 00000058 4889F0                  mov rax, rsi
   153 0000005B 48C7C200000000          mov rdx, 0
   154 00000062 49C7C402000000          mov r12, 2
   155 00000069 49F7F4                  div r12
   156                                 
   157 0000006C 4883FA00                cmp rdx, 0
   158 00000070 740A                    je evenLength
   159                                 
   160 00000072 448B2487                mov r12d, dword[rdi+rax*4]
   161 00000076 448921                  mov dword[rcx], r12d
   162 00000079 458920                  mov dword[r8], r12d
   163 0000007C EB0F                    jmp medDone
   164                                 
   165                                  evenLength:
   166 0000007E 448B2487                mov r12d, dword[rdi+rax*4]
   167 00000082 458920                  mov dword[r8], r12d
   168 00000085 48FFC8                  dec rax
   169 00000088 448B2487                mov r12d, dword[rdi+rax*4]
   170 0000008C 448921                  mov dword[rcx], r12d
   171                                 
   172                                  medDone:
   173                                 
   174                                 
   175                                 
   176                                 
   177 0000008F 49C7C400000000          mov r12, 0
   178 00000096 48C7C000000000          mov rax, 0
   179                                 
   180                                  sumLoop:
   181 0000009D 420304A7                add eax, dword[rdi+r12*4]
   182 000000A1 49FFC4                  inc r12
   183 000000A4 4939F4                  cmp r12, rsi
   184 000000A7 7CF2                    jl sumLoop
   185                                 
   186 000000A9 4C8B6510                mov r12, qword[rbp+16]
   187 000000AD 41890424                mov dword[r12], eax
   188                                 
   189                                 
   190                                 
   191                                 
   192 000000B1 99                      cdq
   193 000000B2 48F7FE                  idiv rsi
   194 000000B5 4C8B6518                mov r12, qword[rbp+24]
   195 000000B9 41890424                mov dword[r12], eax
   196                                 
   197 000000BD 415C                    pop r12
   198 000000BF 5D                      pop rbp
   199 000000C0 C3                      ret
   200                                 
   201                                 
   202                                 [global main]
   203                                 main:
   204                                 
   205                                 
   206                                 
   207                                 
   208                                 
   209 000000C1 8B3425[00000000]        mov esi, dword[len]
   210 000000C8 48C7C7[00000000]        mov rdi, arr
   211 000000CF E827FFFFFF              call sort
   212                                 
   213 000000D4 8B3425[00000000]        mov esi, dword[len2]
   214 000000DB 48C7C7[00000000]        mov rdi, arr2
   215 000000E2 E814FFFFFF              call sort
   216                                 
   217 000000E7 8B3425[00000000]        mov esi, dword[len3]
   218 000000EE 48C7C7[00000000]        mov rdi, arr3
   219 000000F5 E801FFFFFF              call sort
   220                                 
   221                                 
   222                                 
   223                                 
   224                                 
   225 000000FA 68[00000000]            push ave
   226 000000FF 68[00000000]            push sum
   227 00000104 49C7C1[00000000]        mov r9, max
   228 0000010B 49C7C0[00000000]        mov r8, med2
   229 00000112 48C7C1[00000000]        mov rcx, med1
   230 00000119 48C7C2[00000000]        mov rdx, min
   231 00000120 8B3425[00000000]        mov esi, dword[len]
   232 00000127 48C7C7[00000000]        mov rdi, arr
   233 0000012E E809FFFFFF              call stats
   234 00000133 4883C410                add rsp, 16
   235                                 
   236                                 
   237 00000137 68[00000000]            push ave2
   238 0000013C 68[00000000]            push sum2
   239 00000141 49C7C1[00000000]        mov r9, max2
   240 00000148 49C7C0[00000000]        mov r8, med2_2
   241 0000014F 48C7C1[00000000]        mov rcx, med1_2
   242 00000156 48C7C2[00000000]        mov rdx, min2
   243 0000015D 8B3425[00000000]        mov esi, dword[len2]
   244 00000164 48C7C7[00000000]        mov rdi, arr2
   245 0000016B E8CCFEFFFF              call stats
   246 00000170 4883C410                add rsp, 16
   247                                 
   248 00000174 68[00000000]            push ave3
   249 00000179 68[00000000]            push sum3
   250 0000017E 49C7C1[00000000]        mov r9, max3
   251 00000185 49C7C0[00000000]        mov r8, med2_3
   252 0000018C 48C7C1[00000000]        mov rcx, med1_3
   253 00000193 48C7C2[00000000]        mov rdx, min3
   254 0000019A 8B3425[00000000]        mov esi, dword[len3]
   255 000001A1 48C7C7[00000000]        mov rdi, arr3
   256 000001A8 E88FFEFFFF              call stats
   257 000001AD 4883C410                add rsp, 16
   258                                 
   259                                 
   260                                 
   261                                 
   262                                 last:
   263 000001B1 48C7C03C000000          mov rax, SYS_exit
   264 000001B8 48C7C700000000          mov rdi, EXIT_SUCCESS
   265 000001BF 0F05                    syscall
