     1                                 %line 1+1 proj12-3.asm
     2                                 
     3                                 
     4                                 
     5                                 
     6                                 
     7                                 [section .data]
     8                                 
     9                                 
    10                                 
    11                                 
    12                                 EXIT_SUCCESS equ 0
    13                                 SYS_exit equ 60
    14                                 
    15                                 
    16                                 
    17                                 
    18 00000000 5D000000200000008C-    arr dd 93, 32, 908, 76, 62, 5, 8976, 42, 2, 9, 12, 200, 0, 7, 32,
    19 00000000 0300004C0000003E00-
    20 00000000 000005000000102300-
    21 00000000 002A00000002000000-
    22 00000000 090000000C000000C8-
    23 00000000 000000000000000700-
    24 00000000 000020000000       
    25 0000003C 43000000581B000040-     dd 67, 7000, 8000, 9000, 12
    26 0000003C 1F0000282300000C00-
    27 0000003C 0000               
    28 00000050 14000000               len dd 20
    29                                 
    30 00000054 010000000200000003-    arr2 dd 1, 2, 3
    31 00000054 000000             
    32 00000060 03000000               len2 dd 3
    33                                 
    34 00000064 020000000300000002-    arr3 dd 2, 3, 2, 3, 9, 0, -3
    35 00000064 000000030000000900-
    36 00000064 000000000000FDFFFF-
    37 00000064 FF                 
    38 00000080 07000000               len3 dd 7
    39                                 
    40                                 
    41                                 
    42                                 
    43                                 [section .text]
    44                                 
    45                                 
    46                                 
    47                                 
    48                                 
    49                                 
    50                                 
    51                                 
    52                                 
    53                                 
    54                                 
    55                                 
    56                                 
    57                                 
    58                                 
    59                                 
    60                                 
    61                                 
    62                                 
    63                                 [global sort]
    64                                 
    65                                 
    66                                 sort:
    67 00000000 4154                    push r12
    68                                 
    69 00000002 48C7C200000000          mov rdx, 0
    70                                 outerloop:
    71 00000009 448B0497                mov r8d, dword[rdi+4*rdx]
    72 0000000D 4989D1                  mov r9, rdx
    73                                 
    74 00000010 4889D1                  mov rcx, rdx
    75                                 innerloop:
    76 00000013 4839F1                  cmp rcx, rsi
    77 00000016 7410                    je swap
    78 00000018 4439048F                cmp dword[rdi+4*rcx], r8d
    79 0000001C 7D05                    jge nextinner
    80 0000001E 448B048F                mov r8d, dword[rdi+4*rcx]
    81 00000022 4989C9                  mov r9, rcx
    82                                 nextinner:
    83 00000025 48FFC1                  inc rcx
    84 00000028 EBE7                    jmp innerloop
    85                                 
    86                                 swap:
    87 0000002A 448B1497                mov r10d, dword[rdi+4*rdx]
    88 0000002E 4689148F                mov dword[rdi+4*r9], r10d
    89 00000032 44890497                mov dword[rdi+4*rdx], r8d
    90                                 
    91 00000036 48FFC2                  inc rdx
    92 00000039 4839F2                  cmp rdx, rsi
    93 0000003C 7CC9                    jl outerloop
    94                                 
    95 0000003E 415C                    pop r12
    96 00000040 C3                      ret
    97                                 
    98                                 [global main]
    99                                 main:
   100                                 
   101                                 
   102                                 
   103                                 
   104                                 
   105 00000041 8B3425[00000000]        mov esi, dword[len]
   106 00000048 48C7C7[00000000]        mov rdi, arr
   107 0000004F E8A7FFFFFF              call sort
   108                                 
   109 00000054 8B3425[00000000]        mov esi, dword[len2]
   110 0000005B 48C7C7[00000000]        mov rdi, arr2
   111 00000062 E894FFFFFF              call sort
   112                                 
   113 00000067 8B3425[00000000]        mov esi, dword[len3]
   114 0000006E 48C7C7[00000000]        mov rdi, arr3
   115 00000075 E881FFFFFF              call sort
   116                                 
   117                                 
   118                                 
   119                                 
   120                                 last:
   121 0000007A 48C7C03C000000          mov rax, SYS_exit
   122 00000081 48C7C700000000          mov rdi, EXIT_SUCCESS
   123 00000088 0F05                    syscall
