     1                                 %line 1+1 proj12-2.asm
     2                                 
     3                                 
     4                                 
     5                                 
     6                                 
     7                                 
     8                                 
     9                                 
    10                                 
    11                                 
    12                                 
    13                                 
    14                                 
    15                                 [section .data]
    16                                 
    17                                 
    18                                 
    19                                 
    20                                 EXIT_SUCCESS equ 0
    21                                 SYS_exit equ 60
    22                                 
    23                                 
    24                                 
    25                                 
    26 00000000 0A000000140000001E-    arr dd 10, 20, 30, 40, 50, 60
    27 00000000 000000280000003200-
    28 00000000 00003C000000       
    29 00000018 06000000               len dd 6
    30 0000001C 00000000               ave dd 0
    31 00000020 00000000               sum dd 0
    32 00000024 00000000               min dd 0
    33 00000028 00000000               max dd 0
    34 0000002C 00000000               med1 dd 0
    35 00000030 00000000               med2 dd 0
    36                                 
    37                                 
    38                                 
    39                                 
    40                                 
    41                                 [section .text]
    42                                 
    43                                 
    44                                 
    45                                 
    46                                 
    47                                 
    48                                 
    49                                 
    50                                 
    51                                 
    52                                 
    53                                 
    54                                 [global stats2]
    55                                 stats2:
    56 00000000 55                      push rbp
    57 00000001 4889E5                  mov rbp, rsp
    58 00000004 4154                    push r12
    59                                 
    60                                 
    61                                 
    62                                 
    63 00000006 8B07                    mov eax, dword[rdi]
    64 00000008 8902                    mov dword[rdx], eax
    65                                 
    66 0000000A 4989F4                  mov r12, rsi
    67 0000000D 49FFCC                  dec r12
    68 00000010 428B04A7                mov eax, dword[rdi+r12*4]
    69 00000014 418901                  mov dword[r9], eax
    70                                 
    71                                 
    72                                 
    73                                 
    74 00000017 4889F0                  mov rax, rsi
    75 0000001A 48C7C200000000          mov rdx, 0
    76 00000021 49C7C402000000          mov r12, 2
    77 00000028 49F7F4                  div r12
    78                                 
    79 0000002B 4883FA00                cmp rdx, 0
    80 0000002F 740A                    je evenLength
    81                                 
    82 00000031 448B2487                mov r12d, dword[rdi+rax*4]
    83 00000035 448921                  mov dword[rcx], r12d
    84 00000038 458920                  mov dword[r8], r12d
    85 0000003B EB0F                    jmp medDone
    86                                 
    87                                 evenLength:
    88 0000003D 448B2487                mov r12d, dword[rdi+rax*4]
    89 00000041 458920                  mov dword[r8], r12d
    90 00000044 48FFC8                  dec rax
    91 00000047 448B2487                mov r12d, dword[rdi+rax*4]
    92 0000004B 448921                  mov dword[rcx], r12d
    93                                 
    94                                 medDone:
    95                                 
    96                                 
    97                                 
    98                                 
    99 0000004E 49C7C400000000          mov r12, 0
   100 00000055 48C7C000000000          mov rax, 0
   101                                 
   102                                 sumLoop:
   103 0000005C 420304A7                add eax, dword[rdi+r12*4]
   104 00000060 49FFC4                  inc r12
   105 00000063 4939F4                  cmp r12, rsi
   106 00000066 7CF2                    jl sumLoop
   107                                 
   108 00000068 4C8B6510                mov r12, qword[rbp+16]
   109 0000006C 41890424                mov dword[r12], eax
   110                                 
   111                                 
   112                                 
   113                                 
   114 00000070 99                      cdq
   115 00000071 48F7FE                  idiv rsi
   116 00000074 4C8B6518                mov r12, qword[rbp+24]
   117 00000078 41890424                mov dword[r12], eax
   118                                 
   119 0000007C 415C                    pop r12
   120 0000007E 5D                      pop rbp
   121 0000007F C3                      ret
   122                                 
   123                                 [global _start]
   124                                 _start:
   125                                 
   126                                 
   127                                 
   128                                 
   129                                 
   130                                 
   131 00000080 68[00000000]            push ave
   132 00000085 68[00000000]            push sum
   133 0000008A 49C7C1[00000000]        mov r9, max
   134 00000091 49C7C0[00000000]        mov r8, med2
   135 00000098 48C7C1[00000000]        mov rcx, med1
   136 0000009F 48C7C2[00000000]        mov rdx, min
   137 000000A6 8B3425[00000000]        mov esi, dword[len]
   138 000000AD 48C7C7[00000000]        mov rdi, arr
   139 000000B4 E842FFFFFF              call stats2
   140 000000B9 4883C410                add rsp, 16
   141                                 
   142                                 
   143                                 
   144                                 
   145                                 
   146                                 last:
   147 000000BD 48C7C03C000000          mov rax, SYS_exit
   148 000000C4 48C7C700000000          mov rdi, EXIT_SUCCESS
   149 000000CB 0F05                    syscall
