     1                                 %line 1+1 proj10-1.asm
     2                                 
     3                                 
     4                                 
     5                                 
     6                                 
     7                                 
     8                                 
     9                                 
    10                                 
    11                                 
    12                                 [section .data]
    13                                 
    14                                 
    15                                 
    16                                 
    17                                 EXIT_SUCCESS equ 0
    18                                 SYS_exit equ 60
    19                                 
    20                                 
    21                                 
    22                                 
    23 00000000 0077AD10               number dd 279803648
    24 00000004 00CA9A3B               divy dd 1000000000
    25 00000008 0A000000               ten dd 10
    26 0000000C 414243444546474849-    string db "ABCDEFGHIJ", 0
    27 0000000C 4A00               
    28                                 
    29                                 
    30                                 
    31                                 
    32                                 [section .text]
    33                                 [global _start]
    34                                 _start:
    35                                 
    36                                 
    37                                 
    38                                 
    39                                 
    40                                 
    41                                 
    42                                 
    43                                 
    44                                 
    45                                 
    46 00000000 48C7C6[00000000]        mov rsi, string
    47                                 
    48                                 
    49                                 conversionLoop:
    50                                 
    51 00000007 8B0425[00000000]        mov eax, dword[number]
    52 0000000E 99                      cdq
    53 0000000F F73425[00000000]        div dword[divy]
    54 00000016 83C030                  add eax, 48
    55 00000019 8806                    mov byte[rsi], al
    56 0000001B 48FFC6                  inc rsi
    57 0000001E 891425[00000000]        mov dword[number], edx
    58 00000025 8B0425[00000000]        mov eax, dword[divy]
    59 0000002C 99                      cdq
    60 0000002D F73425[00000000]        div dword[ten]
    61 00000034 83F800                  cmp eax, 0
    62 00000037 7407                    je last
    63 00000039 890425[00000000]        mov dword[divy], eax
    64 00000040 E2C3                    loop conversionLoop
    65                                 
    66                                 
    67                                 
    68                                 
    69                                 
    70                                 last:
    71 00000042 48C7C03C000000          mov rax, SYS_exit
    72 00000049 48C7C700000000          mov rdi, EXIT_SUCCESS
    73 00000050 0F05                    syscall
