     1                                 %line 1+1 proj12.asm
     2                                 
     3                                 
     4                                 
     5                                 
     6                                 
     7                                 [section .data]
     8                                 
     9                                 
    10                                 
    11                                 
    12                                 EXIT_SUCCESS equ 0
    13                                 SYS_exit equ 60
    14                                 
    15                                 
    16                                 
    17                                 
    18 00000000 040000000500000002-    arr dd 4, 5, 2, -3, 1
    19 00000000 000000FDFFFFFF0100-
    20 00000000 0000               
    21 00000014 05000000               len dd 5
    22 00000018 00000000               ave dd 0
    23 0000001C 00000000               sum dd 0
    24                                 
    25                                 
    26                                 
    27                                 
    28                                 
    29                                 [section .text]
    30                                 
    31                                 [global stats1]
    32                                 stats1:
    33 00000000 4154                    push r12
    34                                 
    35 00000002 49C7C400000000          mov r12, 0
    36 00000009 48C7C000000000          mov rax, 0
    37                                 sumLoop:
    38 00000010 420304A7                add eax, dword[rdi+r12*4]
    39 00000014 49FFC4                  inc r12
    40 00000017 4939F4                  cmp r12, rsi
    41 0000001A 7CF2                    jl sumLoop
    42                                 
    43 0000001C 8902                    mov dword[rdx], eax
    44                                 
    45 0000001E 99                      cdq
    46 0000001F F7FE                    idiv esi
    47 00000021 8901                    mov dword[rcx], eax
    48                                 
    49 00000023 415C                    pop r12
    50 00000025 C3                      ret
    51                                 
    52                                 
    53                                 [global _start]
    54                                 _start:
    55                                 
    56                                 
    57                                 
    58                                 
    59 00000026 48C7C1[00000000]        mov rcx, ave
    60 0000002D 48C7C2[00000000]        mov rdx, sum
    61 00000034 8B3425[00000000]        mov esi, dword[len]
    62 0000003B 48C7C7[00000000]        mov rdi, arr
    63 00000042 E8B4FFFFFF              call stats1
    64                                 
    65                                 
    66                                 
    67                                 
    68                                 last:
    69 00000047 48C7C03C000000          mov rax, SYS_exit
    70 0000004E 48C7C700000000          mov rdi, EXIT_SUCCESS
    71 00000055 0F05                    syscall
