     1                                 %line 1+1 proj10-5.asm
     2                                 
     3                                 
     4                                 
     5                                 
     6                                 
     7                                 
     8                                 
     9                                 
    10                                 
    11                                 
    12                                 
    13                                 
    14                                 
    15                                 
    16                                 
    17                                 
    18                                 [section .data]
    19                                 
    20                                 
    21                                 
    22                                 
    23                                 EXIT_SUCCESS equ 0
    24                                 EXIT_FAILURE equ 1
    25                                 SYS_exit equ 60
    26                                 
    27                                 
    28                                 
    29                                 
    30 00000000 2B3439323834373630-    strNum db "+4928476022", 9
    31 00000000 323209             
    32 0000000C 0000000000000000       intNum dq 0
    33 00000014 0A00000000000000       ten dq 10
    34 0000001C 4552524F52202D2053-    errorMess db "ERROR - String not formatted correctly", 0
    35 0000001C 7472696E67206E6F74-
    36 0000001C 20666F726D61747465-
    37 0000001C 6420636F7272656374-
    38 0000001C 6C7900             
    39                                 
    40                                 
    41                                 
    42                                 
    43                                 
    44                                 [section .bss]
    45                                 
    46 00000000 <gap>                  strError resb 50
    47                                 
    48                                 
    49                                 
    50                                 
    51                                 
    52                                 [section .text]
    53                                 [global _start]
    54                                 _start:
    55                                 
    56                                 
    57                                 
    58                                 
    59                                 
    60 00000000 48C7C600000000          mov rsi, 0
    61 00000007 48C7C000000000          mov rax, 0
    62                                 
    63 0000000E 8A0425[00000000]        mov al, byte[strNum]
    64 00000015 3C2B                    cmp al, "+"
    65 00000017 741E                    je addSignToStack
    66 00000019 3C2D                    cmp al, "-"
    67 0000001B 741A                    je addSignToStack
    68                                 
    69                                 initializeError:
    70 0000001D 48C7C600000000          mov rsi, 0
    71                                 
    72                                 errorMessLoop:
    73 00000024 8A86[00000000]          mov al, byte[errorMess+rsi]
    74 0000002A 8886[00000000]          mov byte[strError+rsi], al
    75 00000030 3C00                    cmp al, 0
    76 00000032 746B                    je last
    77 00000034 48FFC6                  inc rsi
    78 00000037 E2E9                    loop errorMessLoop
    79                                 
    80                                 addSignToStack:
    81 00000039 50                      push rax
    82 0000003A 48FFC6                  inc rsi
    83                                 
    84                                 addCharToStack:
    85 0000003D 8A86[00000000]          mov al, byte[strNum+rsi]
    86 00000043 3C00                    cmp al, 0
    87 00000045 740E                    je startPop
    88                                 
    89 00000047 3C30                    cmp al, "0"
    90 00000049 7CD0                    jl initializeError
    91 0000004B 3C39                    cmp al, "9"
    92 0000004D 7FCC                    jg initializeError
    93                                 
    94 0000004F 50                      push rax
    95 00000050 48FFC6                  inc rsi
    96 00000053 E2E6                    loop addCharToStack
    97                                 
    98 00000055 EBC4                    jmp initializeError
    99                                 
   100                                 
   101                                 
   102                                 
   103                                 
   104                                 startPop:
   105 00000057 48C7C100000000          mov rcx, 0
   106 0000005E 48C7C301000000          mov rbx, 1
   107                                 
   108                                 convertToInt:
   109 00000065 58                      pop rax
   110                                 
   111 00000066 3C2B                    cmp al, "+"
   112 00000068 7435                    je last
   113 0000006A 3C2D                    cmp al, "-"
   114 0000006C 741B                    je negative
   115                                 
   116 0000006E 2C30                    sub al, "0"
   117 00000070 48F7E3                  mul rbx
   118 00000073 48010425[00000000]      add qword[intNum], rax
   119                                 
   120 0000007B 4889D8                  mov rax, rbx
   121 0000007E 48F72425[00000000]      mul qword[ten]
   122 00000086 4889C3                  mov rbx, rax
   123 00000089 E2D8                    loop convertToInt
   124                                 
   125                                 negative:
   126 0000008B 488B0425[00000000]      mov rax, qword[intNum]
   127 00000093 486BC0FF                imul rax, -1
   128 00000097 48890425[00000000]      mov qword[intNum], rax
   129 0000009F EBFE                    jmp last
   130                                 
   131                                 
   132                                 
   133                                 
   134                                 
   135                                 last:
   136 000000A1 48C7C03C000000          mov rax, SYS_exit
   137 000000A8 48C7C700000000          mov rdi, EXIT_SUCCESS
   138 000000AF 0F05                    syscall
