     1                                 %line 1+1 proj7-3.asm
     2                                 
     3                                 
     4                                 
     5                                 
     6                                 
     7                                 
     8                                 
     9                                 
    10                                 [section .data]
    11                                 
    12                                 
    13                                 
    14                                 
    15                                 EXIT_SUCCESS equ 0
    16                                 SYS_exit equ 60
    17                                 
    18                                 
    19                                 
    20                                 
    21 00000000 781E                   wNum1 dw 7800
    22 00000002 3200                   wNum2 dw 50
    23 00000004 0E00                   wNum3 dw 14
    24 00000006 0500                   wNum4 dw 5
    25 00000008 43000000               dNum1 dd 67
    26                                 
    27 0000000C 0000                   wAns1 dw 0
    28 0000000E 0000                   wAns2 dw 0
    29 00000010 0000                   wAns3 dw 0
    30                                 
    31 00000012 0000                   wAns6 dw 0
    32 00000014 0000                   wAns7 dw 0
    33 00000016 0000                   wAns8 dw 0
    34                                 
    35 00000018 00000000               dAns11 dd 0
    36 0000001C 00000000               dAns12 dd 0
    37 00000020 00000000               dAns13 dd 0
    38                                 
    39 00000024 0000                   wAns16 dw 0
    40 00000026 0000                   wAns17 dw 0
    41 00000028 0000                   wAns18 dw 0
    42 0000002A 0000                   wRem18 dw 0
    43                                 
    44                                 
    45                                 
    46                                 
    47                                 
    48                                 [section .text]
    49                                 [global _start]
    50                                 _start:
    51                                 
    52                                 
    53                                 
    54                                 
    55                                 
    56                                 
    57 00000000 668B0425[00000000]      mov ax, word [wNum1]
    58 00000008 66030425[00000000]      add ax, word [wNum2]
    59 00000010 66890425[00000000]      mov word [wAns1], ax
    60                                 
    61 00000018 668B0425[00000000]      mov ax, word [wNum1]
    62 00000020 66030425[00000000]      add ax, word [wNum3]
    63 00000028 66890425[00000000]      mov word [wAns2], ax
    64                                 
    65 00000030 668B0425[00000000]      mov ax, word [wNum3]
    66 00000038 66030425[00000000]      add ax, word [wNum4]
    67 00000040 66890425[00000000]      mov word [wAns3], ax
    68                                 
    69 00000048 668B0425[00000000]      mov ax, word [wNum1]
    70 00000050 662B0425[00000000]      sub ax, word [wNum2]
    71 00000058 66890425[00000000]      mov word [wAns6], ax
    72                                 
    73 00000060 668B0425[00000000]      mov ax, word [wNum1]
    74 00000068 662B0425[00000000]      sub ax, word [wNum3]
    75 00000070 66890425[00000000]      mov word [wAns7], ax
    76                                 
    77 00000078 668B0425[00000000]      mov ax, word [wNum2]
    78 00000080 662B0425[00000000]      sub ax, word [wNum4]
    79 00000088 66890425[00000000]      mov word [wAns8], ax
    80                                 
    81 00000090 668B0425[00000000]      mov ax, word [wNum1]
    82 00000098 66F72425[00000000]      mul word [wNum3]
    83 000000A0 66890425[00000000]      mov word [dAns11], ax
    84 000000A8 66891425[02000000]      mov word [dAns11+2], dx
    85                                 
    86 000000B0 668B0425[00000000]      mov ax, word [wNum2]
    87 000000B8 66F72425[00000000]      mul word [wNum2]
    88 000000C0 66890425[00000000]      mov word [dAns12], ax
    89 000000C8 66891425[02000000]      mov word [dAns12+2], dx
    90                                 
    91 000000D0 668B0425[00000000]      mov ax, word [wNum2]
    92 000000D8 66F72425[00000000]      mul word [wNum4]
    93 000000E0 66890425[00000000]      mov word [dAns13], ax
    94 000000E8 66891425[02000000]      mov word [dAns13+2], dx
    95                                 
    96 000000F0 668B0425[00000000]      mov ax, word [wNum1]
    97 000000F8 6699                    cwd
    98 000000FA 66F73425[00000000]      div word [wNum2]
    99 00000102 66890425[00000000]      mov word [wAns16], ax
   100                                 
   101 0000010A 668B0425[00000000]      mov ax, word [wNum3]
   102 00000112 6699                    cwd
   103 00000114 66F73425[00000000]      div word [wNum4]
   104 0000011C 66890425[00000000]      mov word [wAns17], ax
   105                                 
   106 00000124 668B0425[00000000]      mov ax, word [wNum1]
   107 0000012C 66F73425[00000000]      div word [wNum4]
   108 00000134 66890425[00000000]      mov word [wAns18], ax
   109 0000013C 66891425[00000000]      mov word [wRem18], dx
   110                                 
   111                                 
   112                                 
   113                                 
   114                                 
   115                                 last:
   116 00000144 48C7C03C000000          mov rax, SYS_exit
   117 0000014B 48C7C700000000          mov rdi, EXIT_SUCCESS
   118 00000152 0F05                    syscall
