     1                                 %line 1+1 proj10-2.asm
     2                                 
     3                                 
     4                                 
     5                                 
     6                                 
     7                                 
     8                                 
     9                                 
    10                                 
    11                                 
    12                                 
    13                                 [section .data]
    14                                 
    15                                 
    16                                 
    17                                 
    18                                 EXIT_SUCCESS equ 0
    19                                 SYS_exit equ 60
    20                                 
    21                                 
    22                                 
    23                                 
    24 00000000 DA050000               intNum dd 1498
    25 00000004 00                     NULL db 0
    26                                 
    27                                 
    28                                 
    29                                 
    30                                 
    31                                 [section .bss]
    32                                 
    33 00000000 <gap>                  strNum resb 100
    34                                 
    35                                 
    36                                 
    37                                 
    38                                 [section .text]
    39                                 [global _start]
    40                                 _start:
    41                                 
    42                                 
    43                                 
    44                                 
    45                                 
    46                                 
    47                                 
    48                                 
    49                                 
    50                                 
    51                                 
    52                                 
    53                                 
    54                                 
    55                                 
    56                                 
    57                                 
    58                                 
    59                                 
    60                                 
    61                                 
    62                                 
    63                                 
    64                                 
    65                                 
    66                                 
    67                                 
    68 00000000 8B0425[00000000]        mov eax, dword[intNum]
    69 00000007 48C7C100000000          mov rcx, 0
    70 0000000E BB0A000000              mov ebx, 10
    71                                 
    72                                 divideLoop:
    73 00000013 BA00000000              mov edx, 0
    74 00000018 F7F3                    div ebx
    75                                 
    76 0000001A 52                      push rdx
    77 0000001B 48FFC1                  inc rcx
    78                                 
    79 0000001E 83F800                  cmp eax, 0
    80 00000021 75EE                    jne divideLoop
    81                                 
    82                                 
    83                                 
    84                                 
    85 00000023 48C7C3[00000000]        mov rbx, strNum
    86 0000002A 48C7C700000000          mov rdi, 0
    87                                 
    88                                 popLoop:
    89 00000031 58                      pop rax
    90                                 
    91 00000032 0430                    add al, "0"
    92                                 
    93 00000034 88043B                  mov byte[rbx+rdi], al
    94 00000037 48FFC7                  inc rdi
    95 0000003A E2F3                    loop popLoop
    96                                 
    97 0000003C C6043B00                mov byte[rbx+rdi], 0
    98                                 
    99                                 
   100                                 
   101                                 
   102                                 last:
   103 00000040 48C7C03C000000          mov rax, SYS_exit
   104 00000047 48C7C700000000          mov rdi, EXIT_SUCCESS
   105 0000004E 0F05                    syscall
