     1                                 %line 1+1 proj9-1.asm
     2                                 
     3                                 
     4                                 
     5                                 
     6                                 
     7                                 
     8                                 
     9                                 
    10                                 
    11                                 
    12                                 [section .data]
    13                                 
    14                                 
    15                                 
    16                                 
    17                                 EXIT_SUCCESS equ 0
    18                                 SYS_exit equ 60
    19                                 
    20                                 
    21                                 
    22                                 
    23 00000000 79000000000000007A-    numbers dq 121, 122, 123, 124, 125
    24 00000000 000000000000007B00-
    25 00000000 0000000000007C0000-
    26 00000000 00000000007D000000-
    27 00000000 00000000           
    28 00000028 0500000000000000       len dq 5
    29                                 
    30                                 
    31                                 
    32                                 
    33                                 [section .text]
    34                                 [global _start]
    35                                 _start:
    36                                 
    37                                 
    38                                 
    39                                 
    40 00000000 488B0C25[00000000]      mov rcx, qword[len]
    41 00000008 48C7C3[00000000]        mov rbx, numbers
    42 0000000F 49C7C400000000          mov r12, 0
    43 00000016 48C7C000000000          mov rax, 0
    44                                 
    45                                 pushLoop:
    46 0000001D 42FF34E3                push qword[rbx + 8*r12]
    47 00000021 49FFC4                  inc r12
    48 00000024 E2F5                    loop pushLoop
    49                                 
    50                                 
    51                                 
    52                                 
    53                                 
    54                                 
    55 00000026 488B0C25[00000000]      mov rcx, qword[len]
    56 0000002E 48C7C3[00000000]        mov rbx, numbers
    57 00000035 49C7C400000000          mov r12, 0
    58                                 
    59                                 popLoop:
    60                                 
    61                                 
    62 0000003C 428F04E3                pop qword[rbx+8*r12]
    63 00000040 49FFC4                  inc r12
    64 00000043 E2F5                    loop popLoop
    65                                 
    66                                 
    67                                 
    68                                 
    69                                 
    70                                 last:
    71 00000045 48C7C03C000000          mov rax, SYS_exit
    72 0000004C 48C7C700000000          mov rdi, EXIT_SUCCESS
    73 00000053 0F05                    syscall
