     1                                 %line 1+1 proj8-3.asm
     2                                 
     3                                 
     4                                 
     5                                 
     6                                 
     7                                 
     8                                 
     9                                 
    10                                 
    11                                 
    12                                 
    13                                 
    14                                 
    15                                 
    16                                 
    17                                 
    18                                 
    19                                 
    20                                 
    21                                 
    22                                 
    23                                 
    24                                 [section .data]
    25                                 
    26                                 
    27                                 
    28                                 
    29                                 EXIT_SUCCESS equ 0
    30                                 SYS_exit equ 60
    31                                 
    32                                 
    33                                 
    34                                 
    35 00000000 0A0E0D2536             aSides db 10, 14, 13, 37, 54
    36 00000005 1F0D143D24              db 31, 13, 20, 61, 36
    37 0000000A 0E352C132A              db 14, 53, 44, 19, 42
    38 0000000F 1B29353E0A              db 27, 41, 53, 62, 10
    39 00000014 13120E0A0F              db 19, 18, 14, 10, 15
    40 00000019 0F0B162146              db 15, 11, 22, 33, 70
    41 0000001E 0F170F3F1A              db 15, 23, 15, 63, 26
    42 00000023 18210A3D0F              db 24, 33, 10, 61, 15
    43 00000028 0E220D4751              db 14, 34, 13, 71, 81
    44 0000002D 260D1D115D              db 38, 13, 29, 17, 93
    45                                 
    46 00000032 D1045A04ED066B048B-    sSides dw 1233, 1114, 1773, 1131, 1675
    47 00000032 06                 
    48 0000003C 8C04B507B607630484-     dw 1164, 1973, 1974, 1123, 1156
    49 0000003C 04                 
    50 00000046 4005D806B5077604B0-     dw 1344, 1752, 1973, 1142, 1456
    51 00000046 05                 
    52 00000050 8D04DA06F90497040A-     dw 1165, 1754, 1273, 1175, 1546
    53 00000050 06                 
    54 0000005A 81048906AD051F06FF-     dw 1153, 1673, 1453, 1567, 1535
    55 0000005A 05                 
    56 00000064 78042B06E4061F0636-     dw 1144, 1579, 1764, 1567, 1334
    57 00000064 05                 
    58 0000006E B0051B061C06D9068D-     dw 1456, 1563, 1564, 1753, 1165
    59 0000006E 04                 
    60 00000078 6E064607B1058F04FE-     dw 1646, 1862, 1457, 1167, 1534
    61 00000078 05                 
    62 00000082 4B074807DD06DB06AD-     dw 1867, 1864, 1757, 1755, 1453
    63 00000082 05                 
    64 0000008C 47076506FB04DC0649-     dw 1863, 1637, 1275, 1756, 1353
    65 0000008C 05                 
    66                                 
    67 00000096 413700007E2B000013-    heights dd 14145, 11134, 15123, 15123, 14123
    68 00000096 3B0000133B00002B37-
    69 00000096 0000               
    70 000000AA 164800005E3C00007C-     dd 18454, 15454, 12156, 12164, 12542
    71 000000AA 2F0000842F0000FE30-
    72 000000AA 0000               
    73 000000BE 1548000015480000B0-     dd 18453, 18453, 11184, 15142, 12354
    74 000000BE 2B0000263B00004230-
    75 000000BE 0000               
    76 000000D2 E4380000363700007C-     dd 14564, 14134, 12156, 12344, 13142
    77 000000D2 2F0000383000005633-
    78 000000D2 0000               
    79 000000E6 912B00006F48000004-     dd 11153, 18543, 17156, 12352, 15434
    80 000000E6 430000403000004A3C-
    81 000000E6 0000               
    82 000000FA 17480000363700005B-     dd 18455, 14134, 12123, 15324, 13453
    83 000000FA 2F0000DC3B00008D34-
    84 000000FA 0000               
    85 0000010E 7E2B00003637000034-     dd 11134, 14134, 15156, 15234, 17142
    86 0000010E 3B0000823B0000F642-
    87 0000010E 0000               
    88 00000122 6F4C00003637000066-     dd 19567, 14134, 12134, 17546, 16123
    89 00000122 2F00008A440000FB3E-
    90 00000122 0000               
    91 00000136 7E2B000036370000F0-     dd 11134, 14134, 14576, 15457, 17142
    92 00000136 380000613C0000F642-
    93 00000136 0000               
    94 0000014A 61330000912B000098-     dd 13153, 11153, 12184, 14142, 17134
    95 0000014A 2F00003E370000EE42-
    96 0000014A 0000               
    97                                 
    98 0000015E 32000000               length dd 50
    99                                 
   100 00000162 00000000               taMin dd 0
   101 00000166 00000000               taMax dd 0
   102 0000016A 00000000               taSum dd 0
   103 0000016E 00000000               taAve dd 0
   104                                 
   105 00000172 00000000               volMin dd 0
   106 00000176 00000000               volMax dd 0
   107 0000017A 00000000               volSum dd 0
   108 0000017E 00000000               volAve dd 0
   109                                 
   110 00000182 02000000               ddTwo dd 2
   111 00000186 03000000               ddThree dd 3
   112                                 
   113                                 
   114                                 
   115                                 
   116                                 
   117                                 [section .bss]
   118                                 
   119 00000000 <gap>                  totalAreas resd 50
   120 000000C8 <gap>                  volumes resd 50
   121                                 
   122                                 
   123                                 
   124                                 
   125                                 
   126                                 [section .text]
   127                                 [global _start]
   128                                 _start:
   129                                 
   130                                 
   131                                 
   132 00000000 8B0C25[00000000]        mov ecx, dword [length]
   133 00000007 48C7C600000000          mov rsi, 0
   134                                 
   135                                 calculationLoop:
   136                                 
   137                                 
   138                                 
   139 0000000E 440FB686[00000000]      movzx r8d, byte [aSides+rsi]
   140 00000016 440FB78C36[00000000]      movzx r9d, word [sSides+rsi*2]
   141 0000001F 4489C0                  mov eax, r8d
   142 00000022 F72425[00000000]        mul dword [ddTwo]
   143 00000029 41F7E1                  mul r9d
   144 0000002C 41F7E0                  mul r8d
   145 0000002F 8904B5[00000000]        mov dword [totalAreas+rsi*4], eax
   146                                 
   147                                 
   148                                 
   149 00000036 0FB686[00000000]        movzx eax, byte [aSides+rsi]
   150 0000003D F7E0                    mul eax
   151 0000003F F724B5[00000000]        mul dword [heights+rsi*4]
   152 00000046 F73425[00000000]        div dword [ddThree]
   153 0000004D 8904B5[00000000]        mov dword [volumes+rsi*4], eax
   154                                 
   155 00000054 48FFC6                  inc rsi
   156 00000057 E2B3                    loop calculationLoop
   157                                 
   158                                 
   159                                 
   160 00000059 8B0425[00000000]        mov eax, dword [totalAreas]
   161 00000060 890425[00000000]        mov dword [taMin], eax
   162 00000067 890425[00000000]        mov dword [taMax], eax
   163                                 
   164 0000006E 8B0425[00000000]        mov eax, dword [volumes]
   165 00000075 890425[00000000]        mov dword [volMin], eax
   166 0000007C 890425[00000000]        mov dword [volMax], eax
   167                                 
   168 00000083 C70425[00000000]00-     mov dword [taSum], 0
   169 00000083 000000             
   170 0000008E C70425[00000000]00-     mov dword [volSum], 0
   171 0000008E 000000             
   172                                 
   173 00000099 8B0C25[00000000]        mov ecx, dword [length]
   174 000000A0 48C7C600000000          mov rsi, 0
   175                                 
   176                                 statsLoop:
   177                                 
   178 000000A7 8B04B5[00000000]        mov eax, dword [totalAreas+rsi*4]
   179 000000AE 010425[00000000]        add dword [taSum], eax
   180                                 
   181 000000B5 3B0425[00000000]        cmp eax, dword [taMin]
   182 000000BC 7305                    jae notNewTaMin
   183 000000BE 890425[00000000]        mov dword [taMin], eax
   184                                 
   185                                 notNewTaMin:
   186 000000C5 3B0425[00000000]        cmp eax, dword [taMax]
   187 000000CC 7605                    jbe notNewTaMax
   188 000000CE 890425[00000000]        mov dword [taMax], eax
   189                                 
   190                                 notNewTaMax:
   191 000000D5 8B04B5[00000000]        mov eax, dword [volumes+rsi*4]
   192 000000DC 010425[00000000]        add dword [volSum], eax
   193                                 
   194 000000E3 3B0425[00000000]        cmp eax, dword [volMin]
   195 000000EA 7305                    jae notNewVolMin
   196 000000EC 890425[00000000]        mov dword [volMin], eax
   197                                 
   198                                 notNewVolMin:
   199 000000F3 3B0425[00000000]        cmp eax, dword [volMax]
   200 000000FA 7605                    jbe notNewVolMax
   201 000000FC 890425[00000000]        mov dword [volMax], eax
   202                                 
   203                                 notNewVolMax:
   204                                 
   205 00000103 48FFC6                  inc rsi
   206 00000106 E29D                    loop statsLoop
   207                                 
   208                                 
   209                                 
   210 00000108 8B0425[00000000]        mov eax, dword [taSum]
   211 0000010F BA00000000              mov edx, 0
   212 00000114 F73425[00000000]        div dword [length]
   213 0000011B 890425[00000000]        mov dword [taAve], eax
   214                                 
   215 00000122 8B0425[00000000]        mov eax, dword [volSum]
   216 00000129 BA00000000              mov edx, 0
   217 0000012E F73425[00000000]        div dword [length]
   218 00000135 890425[00000000]        mov dword [volAve], eax
   219                                 
   220                                 
   221                                 
   222                                 
   223                                 
   224                                 last:
   225 0000013C 48C7C03C000000          mov rax, SYS_exit
   226 00000143 48C7C700000000          mov rdi, EXIT_SUCCESS
   227 0000014A 0F05                    syscall
