     1                                 %line 1+1 proj9-3.asm
     2                                 
     3                                 
     4                                 
     5                                 
     6                                 
     7                                 
     8                                 
     9                                 
    10                                 
    11                                 
    12                                 
    13                                 [section .data]
    14                                 
    15                                 
    16                                 
    17                                 
    18                                 EXIT_SUCCESS equ 0
    19                                 SYS_exit equ 60
    20                                 
    21                                 
    22                                 
    23                                 
    24                                 
    25 00000000 42414E414E41420A       string db 'BANANAB', 0xa
    26                                 
    27 00000008 00                     palindrome db 0
    28                                 
    29                                 
    30                                 
    31                                 
    32                                 
    33                                 [section .text]
    34                                 [global _start]
    35                                 _start:
    36                                 
    37                                 
    38                                 
    39                                 
    40 00000000 48C7C3[00000000]        mov rbx, string
    41 00000007 49C7C400000000          mov r12, 0
    42                                 
    43                                 pushLoop:
    44 0000000E 4A833CE300              cmp qword[rbx+8*r12], 0
    45 00000013 7407                    je fullStringInStack
    46 00000015 42FF34E3                push qword[rbx+8*r12]
    47 00000019 49FFC4                  inc r12
    48 0000001C E2EE                    loop pushLoop
    49                                 
    50                                 
    51                                 
    52                                 
    53                                 
    54                                 fullStringInStack:
    55                                 
    56                                 
    57                                 
    58 0000001E 48C7C3[00000000]        mov rbx, string
    59 00000025 49C7C400000000          mov r12, 0
    60                                 
    61                                 checkLoop:
    62 0000002C 48C70425[00000000]-     mov qword[palindrome], 1
    63 0000002C 01000000           
    64 00000038 4A833CE300              cmp qword[rbx+8*r12], 0
    65 0000003D 7414                    je last
    66 0000003F 58                      pop rax
    67 00000040 4A3904E3                cmp qword[rbx+8*r12], rax
    68 00000044 7505                    jne notPalindrome
    69 00000046 49FFC4                  inc r12
    70 00000049 E2DF                    loop checkLoop
    71 0000004B EB06                    jmp last
    72                                 
    73                                 notPalindrome:
    74 0000004D C60425[00000000]00      mov byte[palindrome], 0
    75                                 
    76                                 
    77                                 
    78                                 
    79                                 
    80                                 last:
    81 00000055 48C7C03C000000          mov rax, SYS_exit
    82 0000005C 48C7C700000000          mov rdi, EXIT_SUCCESS
    83 00000063 0F05                    syscall
