     1                                 %line 1+1 proj7-6.asm
     2                                 
     3                                 
     4                                 
     5                                 
     6                                 
     7                                 
     8                                 
     9                                 
    10                                 [section .data]
    11                                 
    12                                 
    13                                 
    14                                 
    15                                 EXIT_SUCCESS equ 0
    16                                 SYS_exit equ 60
    17                                 
    18                                 
    19                                 
    20                                 
    21 00000000 99E89000               dNum1 dd 9496729
    22 00000004 80B8C8FE               dNum2 dd -20400000
    23 00000008 5D3EDFFF               dNum3 dd -2146723
    24 0000000C 9D160000               dNum4 dd 5789
    25 00000010 C39D99FFFFFFFFFF       qNum1 dq -6709821
    26                                 
    27 00000018 00000000               dAns1 dd 0
    28 0000001C 00000000               dAns2 dd 0
    29 00000020 00000000               dAns3 dd 0
    30                                 
    31 00000024 00000000               dAns6 dd 0
    32 00000028 00000000               dAns7 dd 0
    33 0000002C 00000000               dAns8 dd 0
    34                                 
    35 00000030 0000000000000000       qAns11 dq 0
    36 00000038 0000000000000000       qAns12 dq 0
    37 00000040 0000000000000000       qAns13 dq 0
    38                                 
    39 00000048 00000000               dAns16 dd 0
    40 0000004C 00000000               dAns17 dd 0
    41 00000050 00000000               dAns18 dd 0
    42 00000054 00000000               dRem18 dd 0
    43                                 
    44                                 
    45                                 
    46                                 
    47                                 
    48                                 [section .text]
    49                                 [global _start]
    50                                 _start:
    51                                 
    52                                 
    53                                 
    54                                 
    55                                 
    56                                 
    57 00000000 8B0425[00000000]        mov eax, dword [dNum1]
    58 00000007 030425[00000000]        add eax, dword [dNum2]
    59 0000000E 890425[00000000]        mov dword [dAns1], eax
    60                                 
    61 00000015 8B0425[00000000]        mov eax, dword [dNum1]
    62 0000001C 030425[00000000]        add eax, dword [dNum3]
    63 00000023 890425[00000000]        mov dword [dAns2], eax
    64                                 
    65 0000002A 8B0425[00000000]        mov eax, dword [dNum3]
    66 00000031 030425[00000000]        add eax, dword [dNum4]
    67 00000038 890425[00000000]        mov dword [dAns3], eax
    68                                 
    69 0000003F 8B0425[00000000]        mov eax, dword [dNum1]
    70 00000046 2B0425[00000000]        sub eax, dword [dNum2]
    71 0000004D 890425[00000000]        mov dword [dAns6], eax
    72                                 
    73 00000054 8B0425[00000000]        mov eax, dword [dNum1]
    74 0000005B 2B0425[00000000]        sub eax, dword [dNum3]
    75 00000062 890425[00000000]        mov dword [dAns7], eax
    76                                 
    77 00000069 8B0425[00000000]        mov eax, dword [dNum2]
    78 00000070 2B0425[00000000]        sub eax, dword [dNum4]
    79 00000077 890425[00000000]        mov dword [dAns8], eax
    80                                 
    81 0000007E 8B0425[00000000]        mov eax, dword [dNum1]
    82 00000085 F72C25[00000000]        imul dword [dNum3]
    83 0000008C 890425[00000000]        mov dword [qAns11], eax
    84 00000093 891425[04000000]        mov dword [qAns11+4], edx
    85                                 
    86 0000009A 8B0425[00000000]        mov eax, dword [dNum2]
    87 000000A1 F72C25[00000000]        imul dword [dNum2]
    88 000000A8 890425[00000000]        mov dword [qAns12], eax
    89 000000AF 891425[04000000]        mov dword [qAns12+4], edx
    90                                 
    91 000000B6 8B0425[00000000]        mov eax, dword [dNum2]
    92 000000BD F72C25[00000000]        imul dword [dNum4]
    93 000000C4 890425[00000000]        mov dword [qAns13], eax
    94 000000CB 891425[04000000]        mov dword [qAns13+4], edx
    95                                 
    96 000000D2 8B0425[00000000]        mov eax, dword [dNum1]
    97 000000D9 99                      cdq
    98 000000DA F73C25[00000000]        idiv dword [dNum2]
    99 000000E1 890425[00000000]        mov dword [dAns16], eax
   100                                 
   101 000000E8 8B0425[00000000]        mov eax, dword [dNum3]
   102 000000EF 99                      cdq
   103 000000F0 F73C25[00000000]        idiv dword [dNum4]
   104 000000F7 890425[00000000]        mov dword [dAns17], eax
   105                                 
   106 000000FE 8B0425[00000000]        mov eax, dword [qNum1]
   107 00000105 8B1425[04000000]        mov edx, dword [qNum1+4]
   108 0000010C F73C25[00000000]        idiv dword [dNum4]
   109 00000113 890425[00000000]        mov dword [dAns18], eax
   110 0000011A 891425[00000000]        mov dword [dRem18], edx
   111                                 
   112                                 
   113                                 
   114                                 
   115                                 
   116                                 last:
   117 00000121 48C7C03C000000          mov rax, SYS_exit
   118 00000128 48C7C700000000          mov rdi, EXIT_SUCCESS
   119 0000012F 0F05                    syscall
