     1                                 %line 1+1 proj12-7.asm
     2                                 
     3                                 
     4                                 
     5                                 
     6                                 
     7                                 
     8                                 
     9                                 
    10                                 
    11                                 
    12                                 
    13                                 
    14                                 
    15                                 
    16                                 
    17                                 
    18                                 
    19                                 
    20                                 [section .data]
    21                                 
    22                                 
    23                                 
    24                                 
    25                                 EXIT_SUCCESS equ 0
    26                                 SYS_exit equ 60
    27                                 
    28                                 TRUE equ 1
    29                                 FALSE equ 0
    30                                 
    31                                 
    32                                 
    33                                 
    34 00000000 2D3439323834373630-    strNum1 db "-4928476022", 0
    35 00000000 323200             
    36 0000000C 0000000000000000       intNum1 dq 0
    37 00000014 00                     err1 db 0
    38 00000015 2B3133343500           strNum2 db "+1345", 0
    39 0000001B 0000000000000000       intNum2 dq 0
    40 00000023 00                     err2 db 0
    41 00000024 693930                 strNum3 db "i90"
    42 00000027 0000000000000000       intNum3 dq 0
    43 0000002F 00                     err3 db 0
    44                                 
    45 00000030 0A00000000000000       ten dq 10
    46                                 
    47                                 
    48                                 
    49                                 
    50                                 
    51                                 [section .text]
    52                                 
    53                                 
    54                                 
    55                                 [global toInteger]
    56                                 toInteger:
    57                                 
    58                                 
    59                                 
    60                                 
    61                                 
    62                                 
    63 00000000 55                      push rbp
    64 00000001 51                      push rcx
    65 00000002 53                      push rbx
    66 00000003 4889E5                  mov rbp, rsp
    67                                 
    68                                 
    69                                 
    70                                 
    71                                 
    72 00000006 49C7C200000000          mov r10, 0
    73 0000000D 48C7C000000000          mov rax, 0
    74                                 
    75 00000014 8A06                    mov al, byte[rsi]
    76 00000016 3C2B                    cmp al, "+"
    77 00000018 740B                    je addSignToStack
    78 0000001A 3C2D                    cmp al, "-"
    79 0000001C 7407                    je addSignToStack
    80                                 
    81                                  returnError:
    82 0000001E 48C7C000000000          mov rax, FALSE
    83 00000025 EB53                    jmp endFunction
    84                                 
    85                                  addSignToStack:
    86 00000027 50                      push rax
    87 00000028 49FFC2                  inc r10
    88                                 
    89                                  addCharToStack:
    90 0000002B 428A0416                mov al, byte[rsi+r10]
    91 0000002F 3C00                    cmp al, 0
    92 00000031 740E                    je startPop
    93                                 
    94 00000033 3C30                    cmp al, "0"
    95 00000035 7CE5                    jl returnError
    96 00000037 3C39                    cmp al, "9"
    97 00000039 7FE1                    jg returnError
    98                                 
    99 0000003B 50                      push rax
   100 0000003C 49FFC2                  inc r10
   101 0000003F E2E8                    loop addCharToStack
   102                                 
   103                                 
   104                                 
   105 00000041 EBD9                    jmp returnError
   106                                 
   107                                 
   108                                 
   109                                 
   110                                 
   111                                  startPop:
   112 00000043 48C7C100000000          mov rcx, 0
   113 0000004A 48C7C301000000          mov rbx, 1
   114                                 
   115                                  convertToInt:
   116 00000051 58                      pop rax
   117                                 
   118 00000052 3C2B                    cmp al, "+"
   119 00000054 741D                    je noError
   120 00000056 3C2D                    cmp al, "-"
   121 00000058 7416                    je negative
   122                                 
   123 0000005A 2C30                    sub al, "0"
   124 0000005C 48F7E3                  mul rbx
   125 0000005F 480107                  add qword[rdi], rax
   126                                 
   127 00000062 4889D8                  mov rax, rbx
   128 00000065 48F72425[00000000]      mul qword[ten]
   129 0000006D 4889C3                  mov rbx, rax
   130 00000070 E2DD                    loop convertToInt
   131                                 
   132                                  negative:
   133 00000072 48F71F                  neg qword[rdi]
   134                                 
   135                                  noError:
   136 00000075 48C7C001000000          mov rax, TRUE
   137                                 
   138                                  endFunction:
   139 0000007C 5B                      pop rbx
   140 0000007D 59                      pop rcx
   141 0000007E 5D                      pop rbp
   142 0000007F C3                      ret
   143                                 
   144                                 
   145                                 [global main]
   146                                 main:
   147                                 
   148                                 
   149                                 
   150                                 
   151 00000080 48C7C6[00000000]        mov rsi, strNum1
   152 00000087 48C7C7[00000000]        mov rdi, intNum1
   153 0000008E E868FFFFFF              call toInteger
   154 00000093 880425[00000000]        mov byte[err1], al
   155                                 
   156 0000009A 48C7C6[00000000]        mov rsi, strNum2
   157 000000A1 48C7C7[00000000]        mov rdi, intNum2
   158 000000A8 E84EFFFFFF              call toInteger
   159 000000AD 880425[00000000]        mov byte[err2], al
   160                                 
   161 000000B4 48C7C6[00000000]        mov rsi, strNum3
   162 000000BB 48C7C7[00000000]        mov rdi, intNum3
   163 000000C2 E834FFFFFF              call toInteger
   164 000000C7 880425[00000000]        mov byte[err3], al
   165                                 
   166                                 
   167                                 
   168                                 
   169                                 
   170                                 last:
   171 000000CE 48C7C03C000000          mov rax, SYS_exit
   172 000000D5 48C7C700000000          mov rdi, EXIT_SUCCESS
   173 000000DC 0F05                    syscall
