     1                                 %line 1+1 proj9-2.asm
     2                                 
     3                                 
     4                                 
     5                                 
     6                                 
     7                                 
     8                                 
     9                                 
    10                                 
    11                                 
    12                                 
    13                                 [section .data]
    14                                 
    15                                 
    16                                 
    17                                 
    18                                 EXIT_SUCCESS equ 0
    19                                 SYS_exit equ 60
    20                                 
    21                                 
    22                                 
    23                                 
    24                                 
    25 00000000 520000000000000042-    string dq 'R', 'B', 'A', 'N', 'N', 'A', 'B', 'R', 0
    26 00000000 000000000000004100-
    27 00000000 0000000000004E0000-
    28 00000000 00000000004E000000-
    29 00000000 000000004100000000-
    30 00000000 000000420000000000-
    31 00000000 000052000000000000-
    32 00000000 000000000000000000 
    33                                 
    34 00000048 00                     palindrome db 0
    35                                 
    36                                 
    37                                 
    38                                 
    39                                 
    40                                 [section .text]
    41                                 [global _start]
    42                                 _start:
    43                                 
    44                                 
    45                                 
    46                                 
    47 00000000 48C7C3[00000000]        mov rbx, string
    48 00000007 49C7C400000000          mov r12, 0
    49                                 
    50                                 pushLoop:
    51 0000000E 4A833CE300              cmp qword[rbx+8*r12], 0
    52 00000013 7407                    je fullStringInStack
    53 00000015 42FF34E3                push qword[rbx+8*r12]
    54 00000019 49FFC4                  inc r12
    55 0000001C E2EE                    loop pushLoop
    56                                 
    57                                 
    58                                 
    59                                 
    60                                 
    61                                 fullStringInStack:
    62                                 
    63                                 
    64                                 
    65 0000001E 48C7C3[00000000]        mov rbx, string
    66 00000025 49C7C400000000          mov r12, 0
    67                                 
    68                                 checkLoop:
    69 0000002C 48C70425[00000000]-     mov qword[palindrome], 1
    70 0000002C 01000000           
    71 00000038 4A833CE300              cmp qword[rbx+8*r12], 0
    72 0000003D 7414                    je last
    73 0000003F 58                      pop rax
    74 00000040 4A3904E3                cmp qword[rbx+8*r12], rax
    75 00000044 7505                    jne notPalindrome
    76 00000046 49FFC4                  inc r12
    77 00000049 E2DF                    loop checkLoop
    78 0000004B EB06                    jmp last
    79                                 
    80                                 notPalindrome:
    81 0000004D C60425[00000000]00      mov byte[palindrome], 0
    82                                 
    83                                 
    84                                 
    85                                 
    86                                 
    87                                 last:
    88 00000055 48C7C03C000000          mov rax, SYS_exit
    89 0000005C 48C7C700000000          mov rdi, EXIT_SUCCESS
    90 00000063 0F05                    syscall
