     1                                 %line 1+1 scratch.asm
     2                                 [section .data]
     3                                 
     4                                 EXIT_SUCCESS equ 0
     5                                 SYS_exit equ 60
     6                                 
     7                                 
     8                                 
     9 00000000 B3                     x db 10110011
    10                                 
    11                                 
    12                                 
    13                                 
    14                                 [section .text]
    15                                 [global _start]
    16                                 _start:
    17                                 
    18 00000000 8A0C25[00000000]       mov cl, byte[x]
    19 00000007 D0E1                   shl cl, 1
    20                                 
    21                                 
    22                                 
    23                                 
    24                                 last:
    25 00000009 48C7C03C000000          mov rax, SYS_exit
    26 00000010 48C7C700000000          mov rdi, EXIT_SUCCESS
    27 00000017 0F05                    syscall
