     1                                 %line 1+1 scratch.asm
     2                                 [section .data]
     3                                 
     4                                 EXIT_SUCCESS equ 0
     5                                 SYS_exit equ 60
     6                                 
     7                                 
     8                                 
     9 00000000 90230B0000000000       qNumA dq 730000
    10 00000008 70CBFFFFFFFFFFFF       qNumB dq -13456
    11 00000010 01FBFFFFFFFFFFFF       qNumC dq -1279
    12 00000018 0000000000000000       qAns1 dq 0
    13 00000020 0000000000000000       qAns2 dq 0
    14 00000028 0000000000000000       qRem2 dq 0
    15 00000030 0000000000000000       qAns3 dq 0
    16                                 
    17                                 
    18                                 
    19                                 
    20                                 [section .text]
    21                                 [global _start]
    22                                 _start:
    23                                 
    24 00000000 48C7C2C8A9B3FA         mov rdx, -88888888
    25 00000007 488B0425[00000000]     mov rax, qword[qNumA]
    26 0000000F 4899                   cqo
    27 00000011 48C7C309000000         mov rbx, 9
    28 00000018 48F7FB                 idiv rbx
    29 0000001B 48890425[00000000]     mov qword[qAns1], rax
    30                                 
    31                                 
    32                                 
    33                                 
    34                                 last:
    35 00000023 48C7C03C000000          mov rax, SYS_exit
    36 0000002A 48C7C700000000          mov rdi, EXIT_SUCCESS
    37 00000031 0F05                    syscall
